
===========================================================================
report_checks -unconstrained
===========================================================================
======================= Typical Corner ===================================

Startpoint: wb_rst_i (input port clocked by wb_clk_i)
Endpoint: _538_ (recovery check against rising-edge clock wb_clk_i)
Path Group: asynchronous
Path Type: max

Fanout     Cap    Slew   Delay    Time   Description
-----------------------------------------------------------------------------
                  0.15    0.00    0.00   clock wb_clk_i (rise edge)
                          0.00    0.00   clock network delay (ideal)
                         10.00   10.00 v input external delay
                  0.02    0.01   10.01 v wb_rst_i (in)
     2    0.01                           wb_rst_i (net)
                  0.02    0.00   10.01 v _453_/A (sky130_fd_sc_hd__buf_1)
                  0.28    0.28   10.29 v _453_/X (sky130_fd_sc_hd__buf_1)
    10    0.05                           _251_ (net)
                  0.28    0.00   10.29 v _476_/A (sky130_fd_sc_hd__buf_1)
                  0.30    0.40   10.69 v _476_/X (sky130_fd_sc_hd__buf_1)
    10    0.05                           _254_ (net)
                  0.30    0.00   10.70 v _480_/A (sky130_fd_sc_hd__inv_2)
                  0.07    0.12   10.81 ^ _480_/Y (sky130_fd_sc_hd__inv_2)
     1    0.00                           _049_ (net)
                  0.07    0.00   10.81 ^ _538_/RESET_B (sky130_fd_sc_hd__dfrtp_2)
                                 10.81   data arrival time

                  0.15   50.00   50.00   clock wb_clk_i (rise edge)
                          0.00   50.00   clock network delay (ideal)
                         -0.25   49.75   clock uncertainty
                          0.00   49.75   clock reconvergence pessimism
                                 49.75 ^ _538_/CLK (sky130_fd_sc_hd__dfrtp_2)
                          0.24   49.99   library recovery time
                                 49.99   data required time
-----------------------------------------------------------------------------
                                 49.99   data required time
                                -10.81   data arrival time
-----------------------------------------------------------------------------
                                 39.18   slack (MET)


Startpoint: _531_ (rising edge-triggered flip-flop clocked by wb_clk_i)
Endpoint: io_out[0] (output port clocked by wb_clk_i)
Path Group: wb_clk_i
Path Type: max

Fanout     Cap    Slew   Delay    Time   Description
-----------------------------------------------------------------------------
                  0.15    0.00    0.00   clock wb_clk_i (rise edge)
                          0.00    0.00   clock network delay (ideal)
                  0.15    0.00    0.00 ^ _531_/CLK (sky130_fd_sc_hd__dfrtp_2)
                  0.07    0.48    0.48 v _531_/Q (sky130_fd_sc_hd__dfrtp_2)
     3    0.02                           u_cpu.PC_F[18] (net)
                  0.07    0.00    0.48 v _278_/B (sky130_fd_sc_hd__and2_2)
                  0.05    0.23    0.71 v _278_/X (sky130_fd_sc_hd__and2_2)
     4    0.01                           _133_ (net)
                  0.05    0.00    0.71 v _326_/A (sky130_fd_sc_hd__nor2_2)
                  0.14    0.17    0.88 ^ _326_/Y (sky130_fd_sc_hd__nor2_2)
     2    0.01                           _169_ (net)
                  0.14    0.00    0.88 ^ _386_/B (sky130_fd_sc_hd__xor2_2)
                  0.15    0.19    1.08 ^ _386_/X (sky130_fd_sc_hd__xor2_2)
     1    0.01                           _211_ (net)
                  0.15    0.00    1.08 ^ _387_/B (sky130_fd_sc_hd__xnor2_2)
                  0.19    0.16    1.23 ^ _387_/Y (sky130_fd_sc_hd__xnor2_2)
     1    0.01                           _212_ (net)
                  0.19    0.00    1.24 ^ _391_/A (sky130_fd_sc_hd__xor2_2)
                  0.16    0.19    1.43 ^ _391_/X (sky130_fd_sc_hd__xor2_2)
     1    0.01                           _216_ (net)
                  0.16    0.00    1.43 ^ _392_/B (sky130_fd_sc_hd__xor2_2)
                  0.42    0.40    1.83 ^ _392_/X (sky130_fd_sc_hd__xor2_2)
     1    0.03                           io_out[0] (net)
                  0.42    0.00    1.83 ^ io_out[0] (out)
                                  1.83   data arrival time

                  0.15   50.00   50.00   clock wb_clk_i (rise edge)
                          0.00   50.00   clock network delay (ideal)
                         -0.25   49.75   clock uncertainty
                          0.00   49.75   clock reconvergence pessimism
                        -10.00   39.75   output external delay
                                 39.75   data required time
-----------------------------------------------------------------------------
                                 39.75   data required time
                                 -1.83   data arrival time
-----------------------------------------------------------------------------
                                 37.92   slack (MET)




===========================================================================
report_checks --slack_max -0.01
============================================================================
======================= Typical Corner ===================================

No paths found.


===========================================================================
 report_check_types -max_slew -max_cap -max_fanout -violators
============================================================================
======================= Typical Corner ===================================



===========================================================================
report_parasitic_annotation -report_unannotated
============================================================================
Found 700 unannotated drivers.
 io_in[0]
 io_in[10]
 io_in[11]
 io_in[12]
 io_in[13]
 io_in[14]
 io_in[15]
 io_in[16]
 io_in[17]
 io_in[18]
 io_in[19]
 io_in[1]
 io_in[20]
 io_in[21]
 io_in[22]
 io_in[23]
 io_in[24]
 io_in[25]
 io_in[26]
 io_in[27]
 io_in[28]
 io_in[29]
 io_in[2]
 io_in[30]
 io_in[31]
 io_in[32]
 io_in[33]
 io_in[34]
 io_in[35]
 io_in[36]
 io_in[37]
 io_in[3]
 io_in[4]
 io_in[5]
 io_in[6]
 io_in[7]
 io_in[8]
 io_in[9]
 wb_clk_i
 wb_rst_i
 _257_/X
 _258_/X
 _259_/X
 _260_/X
 _261_/X
 _262_/X
 _263_/X
 _264_/X
 _265_/X
 _266_/X
 _267_/X
 _268_/X
 _269_/X
 _270_/X
 _271_/X
 _272_/X
 _273_/X
 _274_/X
 _275_/X
 _276_/X
 _277_/X
 _278_/X
 _279_/X
 _280_/X
 _281_/X
 _282_/X
 _283_/X
 _284_/X
 _285_/X
 _286_/X
 _287_/X
 _288_/X
 _289_/X
 _290_/X
 _291_/X
 _292_/X
 _293_/X
 _294_/X
 _295_/X
 _296_/X
 _297_/Y
 _298_/Y
 _299_/X
 _300_/X
 _301_/X
 _302_/X
 _303_/X
 _304_/Y
 _305_/Y
 _306_/X
 _307_/X
 _308_/X
 _309_/X
 _310_/X
 _311_/Y
 _312_/Y
 _313_/X
 _314_/X
 _315_/X
 _316_/X
 _317_/X
 _318_/Y
 _319_/Y
 _320_/X
 _321_/X
 _322_/X
 _323_/X
 _324_/X
 _325_/Y
 _326_/Y
 _327_/X
 _328_/X
 _329_/X
 _330_/X
 _331_/X
 _332_/X
 _333_/X
 _334_/X
 _335_/X
 _336_/X
 _337_/X
 _338_/X
 _339_/X
 _340_/X
 _341_/X
 _342_/X
 _343_/Y
 _344_/Y
 _345_/X
 _346_/X
 _347_/X
 _348_/X
 _349_/X
 _350_/X
 _351_/X
 _352_/X
 _353_/X
 _354_/X
 _355_/Y
 _356_/Y
 _357_/X
 _358_/X
 _359_/X
 _360_/X
 _361_/X
 _362_/X
 _363_/X
 _364_/X
 _365_/X
 _366_/X
 _367_/X
 _368_/X
 _369_/X
 _370_/X
 _371_/X
 _372_/X
 _373_/Y
 _374_/Y
 _375_/X
 _376_/X
 _377_/X
 _378_/X
 _379_/Y
 _380_/Y
 _381_/Y
 _382_/Y
 _383_/X
 _384_/Y
 _385_/Y
 _386_/X
 _387_/Y
 _388_/Y
 _389_/Y
 _390_/Y
 _391_/X
 _392_/X
 _393_/Y
 _394_/X
 _395_/X
 _396_/Y
 _397_/Y
 _398_/Y
 _399_/Y
 _400_/Y
 _401_/X
 _402_/X
 _403_/X
 _404_/Y
 _405_/X
 _406_/X
 _407_/X
 _408_/X
 _409_/Y
 _410_/Y
 _411_/X
 _412_/Y
 _413_/Y
 _414_/X
 _415_/X
 _416_/X
 _417_/X
 _418_/X
 _419_/X
 _420_/X
 _421_/X
 _422_/X
 _423_/X
 _424_/X
 _425_/X
 _426_/Y
 _427_/Y
 _428_/X
 _429_/X
 _430_/X
 _431_/X
 _432_/X
 _433_/X
 _434_/X
 _435_/X
 _436_/X
 _437_/X
 _438_/X
 _439_/X
 _440_/Y
 _441_/Y
 _442_/X
 _443_/X
 _444_/X
 _445_/Y
 _446_/X
 _447_/X
 _448_/X
 _449_/Y
 _450_/X
 _451_/X
 _452_/X
 _453_/X
 _454_/X
 _455_/Y
 _456_/Y
 _457_/Y
 _458_/Y
 _459_/Y
 _460_/Y
 _461_/Y
 _462_/Y
 _463_/Y
 _464_/Y
 _465_/X
 _466_/Y
 _467_/Y
 _468_/Y
 _469_/Y
 _470_/Y
 _471_/Y
 _472_/Y
 _473_/Y
 _474_/Y
 _475_/Y
 _476_/X
 _477_/Y
 _478_/Y
 _479_/Y
 _480_/Y
 _481_/Y
 _482_/Y
 _483_/Y
 _484_/Y
 _485_/Y
 _486_/Y
 _487_/X
 _488_/Y
 _489_/Y
 _490_/Y
 _491_/Y
 _492_/Y
 _493_/Y
 _494_/Y
 _495_/Y
 _496_/Y
 _497_/Y
 _498_/X
 _499_/Y
 _500_/Y
 _501_/Y
 _502_/Y
 _503_/Y
 _504_/Y
 _505_/Y
 _506_/Y
 _507_/Y
 _508_/Y
 _509_/Y
 _510_/Y
 _511_/Y
 _512_/Y
 _513_/Y
 _514_/Y
 _515_/Q
 _516_/Q
 _517_/Q
 _518_/Q
 _519_/Q
 _520_/Q
 _521_/Q
 _522_/Q
 _523_/Q
 _524_/Q
 _525_/Q
 _526_/Q
 _527_/Q
 _528_/Q
 _529_/Q
 _530_/Q
 _531_/Q
 _532_/Q
 _533_/Q
 _534_/Q
 _535_/Q
 _536_/Q
 _537_/Q
 _538_/Q
 _539_/Q
 _540_/Q
 _541_/Q
 _542_/Q
 _543_/Q
 _544_/Q
 _545_/Q
 _546_/Q
 _547_/Q
 _548_/Q
 _549_/Q
 _550_/Q
 _551_/Q
 _552_/Q
 _553_/Q
 _554_/Q
 _555_/Q
 _556_/Q
 _557_/Q
 _558_/Q
 _559_/Q
 _560_/Q
 _561_/Q
 _562_/Q
 _563_/Q
 _564_/Q
 _565_/Q
 _566_/Q
 _567_/Q
 _568_/Q
 _569_/Q
 _570_/Q
 _571_/HI
 _571_/LO
 _572_/HI
 _572_/LO
 _573_/HI
 _573_/LO
 _574_/HI
 _574_/LO
 _575_/HI
 _575_/LO
 _576_/HI
 _576_/LO
 _577_/HI
 _577_/LO
 _578_/HI
 _578_/LO
 _579_/HI
 _579_/LO
 _580_/HI
 _580_/LO
 _581_/HI
 _581_/LO
 _582_/HI
 _582_/LO
 _583_/HI
 _583_/LO
 _584_/HI
 _584_/LO
 _585_/HI
 _585_/LO
 _586_/HI
 _586_/LO
 _587_/HI
 _587_/LO
 _588_/HI
 _588_/LO
 _589_/HI
 _589_/LO
 _590_/HI
 _590_/LO
 _591_/HI
 _591_/LO
 _592_/HI
 _592_/LO
 _593_/HI
 _593_/LO
 _594_/HI
 _594_/LO
 _595_/HI
 _595_/LO
 _596_/HI
 _596_/LO
 _597_/HI
 _597_/LO
 _598_/HI
 _598_/LO
 _599_/HI
 _599_/LO
 _600_/HI
 _600_/LO
 _601_/HI
 _601_/LO
 _602_/HI
 _602_/LO
 _603_/HI
 _603_/LO
 _604_/HI
 _604_/LO
 _605_/HI
 _605_/LO
 _606_/HI
 _606_/LO
 _607_/HI
 _607_/LO
 _608_/HI
 _608_/LO
 _609_/HI
 _609_/LO
 _610_/HI
 _610_/LO
 _611_/HI
 _611_/LO
 _612_/HI
 _612_/LO
 _613_/HI
 _613_/LO
 _614_/HI
 _614_/LO
 _615_/HI
 _615_/LO
 _616_/HI
 _616_/LO
 _617_/HI
 _617_/LO
 _618_/HI
 _618_/LO
 _619_/HI
 _619_/LO
 _620_/HI
 _620_/LO
 _621_/HI
 _621_/LO
 _622_/HI
 _622_/LO
 _623_/HI
 _623_/LO
 _624_/HI
 _624_/LO
 _625_/HI
 _625_/LO
 _626_/HI
 _626_/LO
 _627_/HI
 _627_/LO
 _628_/HI
 _628_/LO
 _629_/HI
 _629_/LO
 _630_/HI
 _630_/LO
 _631_/HI
 _631_/LO
 _632_/HI
 _632_/LO
 _633_/HI
 _633_/LO
 _634_/HI
 _634_/LO
 _635_/HI
 _635_/LO
 _636_/HI
 _636_/LO
 _637_/HI
 _637_/LO
 _638_/HI
 _638_/LO
 _639_/HI
 _639_/LO
 _640_/HI
 _640_/LO
 _641_/HI
 _641_/LO
 _642_/HI
 _642_/LO
 _643_/HI
 _643_/LO
 _644_/HI
 _644_/LO
 _645_/HI
 _645_/LO
 _646_/HI
 _646_/LO
 _647_/HI
 _647_/LO
 _648_/HI
 _648_/LO
 _649_/HI
 _649_/LO
 _650_/HI
 _650_/LO
 _651_/HI
 _651_/LO
 _652_/HI
 _652_/LO
 _653_/HI
 _653_/LO
 _654_/HI
 _654_/LO
 _655_/HI
 _655_/LO
 _656_/HI
 _656_/LO
 _657_/HI
 _657_/LO
 _658_/HI
 _658_/LO
 _659_/HI
 _659_/LO
 _660_/HI
 _660_/LO
 _661_/HI
 _661_/LO
 _662_/HI
 _662_/LO
 _663_/HI
 _663_/LO
 _664_/HI
 _664_/LO
 _665_/HI
 _665_/LO
 _666_/HI
 _666_/LO
 _667_/HI
 _667_/LO
 _668_/HI
 _668_/LO
 _669_/HI
 _669_/LO
 _670_/HI
 _670_/LO
 _671_/HI
 _671_/LO
 _672_/HI
 _672_/LO
 _673_/HI
 _673_/LO
 _674_/HI
 _674_/LO
 _675_/HI
 _675_/LO
 _676_/HI
 _676_/LO
 _677_/HI
 _677_/LO
 _678_/HI
 _678_/LO
 _679_/HI
 _679_/LO
 _680_/HI
 _680_/LO
 _681_/HI
 _681_/LO
 _682_/HI
 _682_/LO
 _683_/HI
 _683_/LO
 _684_/HI
 _684_/LO
 _685_/HI
 _685_/LO
 _686_/HI
 _686_/LO
 _687_/HI
 _687_/LO
 _688_/HI
 _688_/LO
 _689_/HI
 _689_/LO
 _690_/HI
 _690_/LO
 _691_/HI
 _691_/LO
 _692_/HI
 _692_/LO
 _693_/HI
 _693_/LO
 _694_/HI
 _694_/LO
 _695_/HI
 _695_/LO
 _696_/HI
 _696_/LO
 _697_/HI
 _697_/LO
 _698_/HI
 _698_/LO
 _699_/HI
 _699_/LO
 _700_/HI
 _700_/LO
 _701_/HI
 _701_/LO
 _702_/HI
 _702_/LO
 _703_/HI
 _703_/LO
 _704_/HI
 _704_/LO
 _705_/HI
 _705_/LO
 _706_/HI
 _706_/LO
 _707_/HI
 _707_/LO
 _708_/HI
 _708_/LO
 _709_/HI
 _709_/LO
 _710_/HI
 _710_/LO
 _711_/HI
 _711_/LO
 _712_/HI
 _712_/LO
 _713_/HI
 _713_/LO
 _714_/HI
 _714_/LO
 _715_/HI
 _715_/LO
 _716_/HI
 _716_/LO
 _717_/HI
 _717_/LO
 _718_/HI
 _718_/LO
 _719_/HI
 _719_/LO
 _720_/HI
 _720_/LO
 _721_/HI
 _721_/LO
 _722_/HI
 _722_/LO
 _723_/HI
 _723_/LO
 _724_/HI
 _724_/LO
 _725_/HI
 _725_/LO
 _726_/HI
 _726_/LO
 _727_/HI
 _727_/LO
 _728_/HI
 _728_/LO
 _729_/HI
 _729_/LO
 _730_/HI
 _730_/LO
 _731_/HI
 _731_/LO
 _732_/HI
 _732_/LO
 _733_/HI
 _733_/LO
 _734_/HI
 _734_/LO
 _735_/HI
 _735_/LO
 _736_/HI
 _736_/LO
 _737_/HI
 _737_/LO
 _738_/HI
 _738_/LO
 _739_/HI
 _739_/LO
 _740_/HI
 _740_/LO
 _741_/HI
 _741_/LO
 _742_/HI
 _742_/LO
 _743_/HI
 _743_/LO
Found 0 partially unannotated drivers.

===========================================================================
max slew violation count 0
max fanout violation count 0
max cap violation count 0
============================================================================

===========================================================================
check_setup -verbose -unconstrained_endpoints -multiple_clock -no_clock -no_input_delay -loops -generated_clocks
===========================================================================
Warning: There are 75 unconstrained endpoints.
  io_oeb[0]
  io_oeb[10]
  io_oeb[11]
  io_oeb[12]
  io_oeb[13]
  io_oeb[14]
  io_oeb[15]
  io_oeb[16]
  io_oeb[17]
  io_oeb[18]
  io_oeb[19]
  io_oeb[1]
  io_oeb[20]
  io_oeb[21]
  io_oeb[22]
  io_oeb[23]
  io_oeb[24]
  io_oeb[25]
  io_oeb[26]
  io_oeb[27]
  io_oeb[28]
  io_oeb[29]
  io_oeb[2]
  io_oeb[30]
  io_oeb[31]
  io_oeb[32]
  io_oeb[33]
  io_oeb[34]
  io_oeb[35]
  io_oeb[36]
  io_oeb[37]
  io_oeb[3]
  io_oeb[4]
  io_oeb[5]
  io_oeb[6]
  io_oeb[7]
  io_oeb[8]
  io_oeb[9]
  io_out[10]
  io_out[11]
  io_out[12]
  io_out[13]
  io_out[14]
  io_out[15]
  io_out[16]
  io_out[17]
  io_out[18]
  io_out[19]
  io_out[1]
  io_out[20]
  io_out[21]
  io_out[22]
  io_out[23]
  io_out[24]
  io_out[25]
  io_out[26]
  io_out[27]
  io_out[28]
  io_out[29]
  io_out[2]
  io_out[30]
  io_out[31]
  io_out[32]
  io_out[33]
  io_out[34]
  io_out[35]
  io_out[36]
  io_out[37]
  io_out[3]
  io_out[4]
  io_out[5]
  io_out[6]
  io_out[7]
  io_out[8]
  io_out[9]
