
===========================================================================
report_checks -unconstrained
===========================================================================
======================= Typical Corner ===================================

No paths found.


===========================================================================
report_checks --slack_max -0.01
============================================================================
======================= Typical Corner ===================================

No paths found.


===========================================================================
 report_check_types -max_slew -max_cap -max_fanout -violators
============================================================================
======================= Typical Corner ===================================



===========================================================================
report_parasitic_annotation -report_unannotated
============================================================================
Found 192 unannotated drivers.
 io_in[0]
 io_in[10]
 io_in[11]
 io_in[12]
 io_in[13]
 io_in[14]
 io_in[15]
 io_in[16]
 io_in[17]
 io_in[18]
 io_in[19]
 io_in[1]
 io_in[20]
 io_in[21]
 io_in[22]
 io_in[23]
 io_in[24]
 io_in[25]
 io_in[26]
 io_in[27]
 io_in[28]
 io_in[29]
 io_in[2]
 io_in[30]
 io_in[31]
 io_in[32]
 io_in[33]
 io_in[34]
 io_in[35]
 io_in[36]
 io_in[37]
 io_in[3]
 io_in[4]
 io_in[5]
 io_in[6]
 io_in[7]
 io_in[8]
 io_in[9]
 wb_clk_i
 wb_rst_i
 _00_/HI
 _00_/LO
 _01_/HI
 _01_/LO
 _02_/HI
 _02_/LO
 _03_/HI
 _03_/LO
 _04_/HI
 _04_/LO
 _05_/HI
 _05_/LO
 _06_/HI
 _06_/LO
 _07_/HI
 _07_/LO
 _08_/HI
 _08_/LO
 _09_/HI
 _09_/LO
 _10_/HI
 _10_/LO
 _11_/HI
 _11_/LO
 _12_/HI
 _12_/LO
 _13_/HI
 _13_/LO
 _14_/HI
 _14_/LO
 _15_/HI
 _15_/LO
 _16_/HI
 _16_/LO
 _17_/HI
 _17_/LO
 _18_/HI
 _18_/LO
 _19_/HI
 _19_/LO
 _20_/HI
 _20_/LO
 _21_/HI
 _21_/LO
 _22_/HI
 _22_/LO
 _23_/HI
 _23_/LO
 _24_/HI
 _24_/LO
 _25_/HI
 _25_/LO
 _26_/HI
 _26_/LO
 _27_/HI
 _27_/LO
 _28_/HI
 _28_/LO
 _29_/HI
 _29_/LO
 _30_/HI
 _30_/LO
 _31_/HI
 _31_/LO
 _32_/HI
 _32_/LO
 _33_/HI
 _33_/LO
 _34_/HI
 _34_/LO
 _35_/HI
 _35_/LO
 _36_/HI
 _36_/LO
 _37_/HI
 _37_/LO
 _38_/HI
 _38_/LO
 _39_/HI
 _39_/LO
 _40_/HI
 _40_/LO
 _41_/HI
 _41_/LO
 _42_/HI
 _42_/LO
 _43_/HI
 _43_/LO
 _44_/HI
 _44_/LO
 _45_/HI
 _45_/LO
 _46_/HI
 _46_/LO
 _47_/HI
 _47_/LO
 _48_/HI
 _48_/LO
 _49_/HI
 _49_/LO
 _50_/HI
 _50_/LO
 _51_/HI
 _51_/LO
 _52_/HI
 _52_/LO
 _53_/HI
 _53_/LO
 _54_/HI
 _54_/LO
 _55_/HI
 _55_/LO
 _56_/HI
 _56_/LO
 _57_/HI
 _57_/LO
 _58_/HI
 _58_/LO
 _59_/HI
 _59_/LO
 _60_/HI
 _60_/LO
 _61_/HI
 _61_/LO
 _62_/HI
 _62_/LO
 _63_/HI
 _63_/LO
 _64_/HI
 _64_/LO
 _65_/HI
 _65_/LO
 _66_/HI
 _66_/LO
 _67_/HI
 _67_/LO
 _68_/HI
 _68_/LO
 _69_/HI
 _69_/LO
 _70_/HI
 _70_/LO
 _71_/HI
 _71_/LO
 _72_/HI
 _72_/LO
 _73_/HI
 _73_/LO
 _74_/HI
 _74_/LO
 _75_/HI
 _75_/LO
Found 0 partially unannotated drivers.

===========================================================================
max slew violation count 0
max fanout violation count 0
max cap violation count 0
============================================================================

===========================================================================
check_setup -verbose -unconstrained_endpoints -multiple_clock -no_clock -no_input_delay -loops -generated_clocks
===========================================================================
Warning: There are 76 unconstrained endpoints.
  io_oeb[0]
  io_oeb[10]
  io_oeb[11]
  io_oeb[12]
  io_oeb[13]
  io_oeb[14]
  io_oeb[15]
  io_oeb[16]
  io_oeb[17]
  io_oeb[18]
  io_oeb[19]
  io_oeb[1]
  io_oeb[20]
  io_oeb[21]
  io_oeb[22]
  io_oeb[23]
  io_oeb[24]
  io_oeb[25]
  io_oeb[26]
  io_oeb[27]
  io_oeb[28]
  io_oeb[29]
  io_oeb[2]
  io_oeb[30]
  io_oeb[31]
  io_oeb[32]
  io_oeb[33]
  io_oeb[34]
  io_oeb[35]
  io_oeb[36]
  io_oeb[37]
  io_oeb[3]
  io_oeb[4]
  io_oeb[5]
  io_oeb[6]
  io_oeb[7]
  io_oeb[8]
  io_oeb[9]
  io_out[0]
  io_out[10]
  io_out[11]
  io_out[12]
  io_out[13]
  io_out[14]
  io_out[15]
  io_out[16]
  io_out[17]
  io_out[18]
  io_out[19]
  io_out[1]
  io_out[20]
  io_out[21]
  io_out[22]
  io_out[23]
  io_out[24]
  io_out[25]
  io_out[26]
  io_out[27]
  io_out[28]
  io_out[29]
  io_out[2]
  io_out[30]
  io_out[31]
  io_out[32]
  io_out[33]
  io_out[34]
  io_out[35]
  io_out[36]
  io_out[37]
  io_out[3]
  io_out[4]
  io_out[5]
  io_out[6]
  io_out[7]
  io_out[8]
  io_out[9]
