
===========================================================================
report_checks -unconstrained
===========================================================================
======================= Typical Corner ===================================

Startpoint: wb_rst_i (input port clocked by wb_clk_i)
Endpoint: _447_ (recovery check against rising-edge clock wb_clk_i)
Path Group: asynchronous
Path Type: max

Fanout     Cap    Slew   Delay    Time   Description
-----------------------------------------------------------------------------
                          0.00    0.00   clock wb_clk_i (rise edge)
                          0.00    0.00   clock network delay (propagated)
                         10.00   10.00 v input external delay
                  0.01    0.00   10.00 v wb_rst_i (in)
     1    0.00                           wb_rst_i (net)
                  0.01    0.00   10.00 v input1/A (sky130_fd_sc_hd__buf_4)
                  0.08    0.18   10.18 v input1/X (sky130_fd_sc_hd__buf_4)
     2    0.05                           net1 (net)
                  0.09    0.02   10.20 v _376_/A (sky130_fd_sc_hd__buf_4)
                  0.07    0.21   10.41 v _376_/X (sky130_fd_sc_hd__buf_4)
    10    0.05                           _213_ (net)
                  0.07    0.00   10.41 v _377_/A (sky130_fd_sc_hd__buf_4)
                  0.08    0.21   10.62 v _377_/X (sky130_fd_sc_hd__buf_4)
    10    0.05                           _214_ (net)
                  0.08    0.00   10.62 v _387_/A (sky130_fd_sc_hd__inv_2)
                  0.03    0.06   10.68 ^ _387_/Y (sky130_fd_sc_hd__inv_2)
     1    0.00                           _035_ (net)
                  0.03    0.00   10.68 ^ _447_/RESET_B (sky130_fd_sc_hd__dfrtp_4)
                                 10.68   data arrival time

                         50.00   50.00   clock wb_clk_i (rise edge)
                          0.00   50.00   clock source latency
                  0.29    0.19   50.19 ^ wb_clk_i (in)
     1    0.06                           wb_clk_i (net)
                  0.29    0.00   50.19 ^ clkbuf_0_wb_clk_i/A (sky130_fd_sc_hd__clkbuf_16)
                  0.06    0.21   50.40 ^ clkbuf_0_wb_clk_i/X (sky130_fd_sc_hd__clkbuf_16)
     4    0.04                           clknet_0_wb_clk_i (net)
                  0.06    0.00   50.40 ^ clkbuf_2_0__f_wb_clk_i/A (sky130_fd_sc_hd__clkbuf_16)
                  0.06    0.14   50.54 ^ clkbuf_2_0__f_wb_clk_i/X (sky130_fd_sc_hd__clkbuf_16)
    12    0.04                           clknet_2_0__leaf_wb_clk_i (net)
                  0.06    0.00   50.54 ^ _447_/CLK (sky130_fd_sc_hd__dfrtp_4)
                         -0.25   50.29   clock uncertainty
                          0.00   50.29   clock reconvergence pessimism
                          0.22   50.52   library recovery time
                                 50.52   data required time
-----------------------------------------------------------------------------
                                 50.52   data required time
                                -10.68   data arrival time
-----------------------------------------------------------------------------
                                 39.83   slack (MET)


Startpoint: _444_ (rising edge-triggered flip-flop clocked by wb_clk_i)
Endpoint: io_out[8] (output port clocked by wb_clk_i)
Path Group: wb_clk_i
Path Type: max

Fanout     Cap    Slew   Delay    Time   Description
-----------------------------------------------------------------------------
                          0.00    0.00   clock wb_clk_i (rise edge)
                          0.00    0.00   clock source latency
                  0.29    0.21    0.21 ^ wb_clk_i (in)
     1    0.06                           wb_clk_i (net)
                  0.29    0.00    0.21 ^ clkbuf_0_wb_clk_i/A (sky130_fd_sc_hd__clkbuf_16)
                  0.06    0.23    0.44 ^ clkbuf_0_wb_clk_i/X (sky130_fd_sc_hd__clkbuf_16)
     4    0.04                           clknet_0_wb_clk_i (net)
                  0.06    0.00    0.44 ^ clkbuf_2_1__f_wb_clk_i/A (sky130_fd_sc_hd__clkbuf_16)
                  0.06    0.16    0.60 ^ clkbuf_2_1__f_wb_clk_i/X (sky130_fd_sc_hd__clkbuf_16)
    14    0.04                           clknet_2_1__leaf_wb_clk_i (net)
                  0.06    0.00    0.60 ^ _444_/CLK (sky130_fd_sc_hd__dfrtp_4)
                  0.32    0.63    1.23 ^ _444_/Q (sky130_fd_sc_hd__dfrtp_4)
     7    0.11                           net9 (net)
                  0.32    0.03    1.26 ^ _666_/A (sky130_fd_sc_hd__buf_2)
                  0.13    0.26    1.52 ^ _666_/X (sky130_fd_sc_hd__buf_2)
     1    0.03                           net22 (net)
                  0.13    0.00    1.52 ^ output22/A (sky130_fd_sc_hd__buf_2)
                  0.17    0.24    1.77 ^ output22/X (sky130_fd_sc_hd__buf_2)
     1    0.03                           io_out[8] (net)
                  0.17    0.00    1.77 ^ io_out[8] (out)
                                  1.77   data arrival time

                         50.00   50.00   clock wb_clk_i (rise edge)
                          0.00   50.00   clock network delay (propagated)
                         -0.25   49.75   clock uncertainty
                          0.00   49.75   clock reconvergence pessimism
                        -10.00   39.75   output external delay
                                 39.75   data required time
-----------------------------------------------------------------------------
                                 39.75   data required time
                                 -1.77   data arrival time
-----------------------------------------------------------------------------
                                 37.98   slack (MET)




===========================================================================
report_checks --slack_max -0.01
============================================================================
======================= Typical Corner ===================================

No paths found.


===========================================================================
 report_check_types -max_slew -max_cap -max_fanout -violators
============================================================================
======================= Typical Corner ===================================

max fanout

Pin                                   Limit Fanout  Slack
---------------------------------------------------------
clkbuf_2_2__f_wb_clk_i/X                 10     15     -5 (VIOLATED)
clkbuf_2_3__f_wb_clk_i/X                 10     15     -5 (VIOLATED)
clkbuf_2_1__f_wb_clk_i/X                 10     14     -4 (VIOLATED)
clkbuf_2_0__f_wb_clk_i/X                 10     12     -2 (VIOLATED)



===========================================================================
report_parasitic_annotation -report_unannotated
============================================================================
Found 503 unannotated drivers.
 io_in[0]
 io_in[10]
 io_in[11]
 io_in[12]
 io_in[13]
 io_in[14]
 io_in[15]
 io_in[16]
 io_in[17]
 io_in[18]
 io_in[19]
 io_in[1]
 io_in[20]
 io_in[21]
 io_in[22]
 io_in[23]
 io_in[24]
 io_in[25]
 io_in[26]
 io_in[27]
 io_in[28]
 io_in[29]
 io_in[2]
 io_in[30]
 io_in[31]
 io_in[32]
 io_in[33]
 io_in[34]
 io_in[35]
 io_in[36]
 io_in[37]
 io_in[3]
 io_in[4]
 io_in[5]
 io_in[6]
 io_in[7]
 io_in[8]
 io_in[9]
 wb_clk_i
 wb_rst_i
 _219_/X
 _220_/X
 _221_/X
 _222_/X
 _223_/X
 _224_/X
 _225_/X
 _226_/X
 _227_/X
 _228_/X
 _229_/X
 _230_/X
 _231_/X
 _232_/X
 _233_/X
 _234_/X
 _235_/X
 _236_/X
 _237_/X
 _238_/X
 _239_/X
 _240_/X
 _241_/X
 _242_/X
 _243_/X
 _244_/X
 _245_/X
 _246_/X
 _247_/X
 _248_/X
 _249_/X
 _250_/X
 _251_/X
 _252_/Y
 _253_/Y
 _254_/X
 _255_/X
 _256_/Y
 _257_/X
 _258_/X
 _259_/Y
 _260_/X
 _261_/X
 _262_/X
 _263_/X
 _264_/X
 _265_/Y
 _266_/Y
 _267_/X
 _268_/X
 _269_/X
 _270_/Y
 _271_/Y
 _272_/X
 _273_/X
 _274_/X
 _275_/X
 _276_/X
 _277_/Y
 _278_/Y
 _279_/Y
 _280_/Y
 _281_/Y
 _282_/X
 _283_/Y
 _284_/X
 _285_/X
 _286_/X
 _287_/X
 _288_/X
 _289_/X
 _290_/X
 _291_/X
 _292_/Y
 _293_/Y
 _294_/X
 _295_/X
 _296_/X
 _297_/X
 _298_/Y
 _299_/Y
 _300_/X
 _301_/X
 _302_/X
 _303_/X
 _304_/Y
 _305_/Y
 _306_/X
 _307_/X
 _308_/Y
 _309_/Y
 _310_/X
 _311_/X
 _312_/X
 _313_/X
 _314_/Y
 _315_/Y
 _316_/X
 _317_/Y
 _318_/Y
 _319_/X
 _320_/X
 _321_/X
 _322_/Y
 _323_/X
 _324_/X
 _325_/X
 _326_/X
 _327_/Y
 _328_/Y
 _329_/X
 _330_/X
 _331_/X
 _332_/X
 _333_/X
 _334_/X
 _335_/X
 _336_/X
 _337_/X
 _338_/X
 _339_/X
 _340_/X
 _341_/X
 _342_/X
 _343_/X
 _344_/X
 _345_/X
 _346_/Y
 _347_/Y
 _348_/X
 _349_/Y
 _350_/X
 _351_/Y
 _352_/X
 _353_/X
 _354_/X
 _355_/Y
 _356_/Y
 _357_/X
 _358_/Y
 _359_/Y
 _360_/X
 _361_/X
 _362_/X
 _363_/X
 _364_/X
 _365_/X
 _366_/X
 _367_/X
 _368_/Y
 _369_/Y
 _370_/X
 _371_/X
 _372_/X
 _373_/Y
 _374_/Y
 _375_/X
 _376_/X
 _377_/X
 _378_/Y
 _379_/Y
 _380_/Y
 _381_/Y
 _382_/Y
 _383_/Y
 _384_/Y
 _385_/Y
 _386_/Y
 _387_/Y
 _388_/X
 _389_/Y
 _390_/Y
 _391_/Y
 _392_/Y
 _393_/Y
 _394_/Y
 _395_/Y
 _396_/Y
 _397_/Y
 _398_/Y
 _399_/X
 _400_/Y
 _401_/Y
 _402_/Y
 _403_/Y
 _404_/Y
 _405_/Y
 _406_/Y
 _407_/Y
 _408_/Y
 _409_/Y
 _410_/X
 _411_/Y
 _412_/Y
 _413_/Y
 _414_/Y
 _415_/Y
 _416_/Y
 _417_/Y
 _418_/Y
 _419_/Y
 _420_/Y
 _421_/X
 _422_/Y
 _423_/Y
 _424_/Y
 _425_/Y
 _426_/Y
 _427_/Y
 _428_/Y
 _429_/Y
 _430_/Y
 _431_/Y
 _432_/Y
 _433_/Y
 _434_/Y
 _435_/Y
 _436_/Y
 _437_/Y
 _438_/Q
 _439_/Q
 _440_/Q
 _441_/Q
 _442_/Q
 _443_/Q
 _444_/Q
 _445_/Q
 _446_/Q
 _447_/Q
 _448_/Q
 _449_/Q
 _450_/Q
 _451_/Q
 _452_/Q
 _453_/Q
 _454_/Q
 _455_/Q
 _456_/Q
 _457_/Q
 _458_/Q
 _459_/Q
 _460_/Q
 _461_/Q
 _462_/Q
 _463_/Q
 _464_/Q
 _465_/Q
 _466_/Q
 _467_/Q
 _468_/Q
 _469_/Q
 _470_/Q
 _471_/Q
 _472_/Q
 _473_/Q
 _474_/Q
 _475_/Q
 _476_/Q
 _477_/Q
 _478_/Q
 _479_/Q
 _480_/Q
 _481_/Q
 _482_/Q
 _483_/Q
 _484_/Q
 _485_/Q
 _486_/Q
 _487_/Q
 _488_/Q
 _489_/Q
 _490_/Q
 _491_/Q
 _492_/Q
 _493_/Q
 _616_/X
 _617_/X
 _618_/X
 _619_/X
 _620_/X
 _621_/X
 _622_/X
 _623_/X
 _624_/X
 _625_/X
 _626_/X
 _627_/X
 _628_/X
 _629_/X
 _630_/X
 _631_/X
 _632_/X
 _633_/X
 _634_/X
 _635_/X
 _636_/X
 _637_/X
 _638_/X
 _639_/X
 _640_/X
 _641_/X
 _642_/X
 _643_/X
 _644_/X
 _645_/X
 _646_/X
 _647_/X
 _648_/X
 _649_/X
 _650_/X
 _651_/X
 _652_/X
 _653_/X
 _654_/X
 _655_/X
 _656_/X
 _657_/X
 _658_/X
 _659_/X
 _660_/X
 _661_/X
 _662_/X
 _663_/X
 _664_/X
 _665_/X
 _666_/X
 _667_/X
 clkbuf_0_wb_clk_i/X
 clkbuf_2_0__f_wb_clk_i/X
 clkbuf_2_1__f_wb_clk_i/X
 clkbuf_2_2__f_wb_clk_i/X
 clkbuf_2_3__f_wb_clk_i/X
 input1/X
 output10/X
 output11/X
 output12/X
 output13/X
 output14/X
 output15/X
 output16/X
 output17/X
 output18/X
 output19/X
 output2/X
 output20/X
 output21/X
 output22/X
 output23/X
 output3/X
 output4/X
 output5/X
 output6/X
 output7/X
 output8/X
 output9/X
 vajra_caravel_soc_24/HI
 vajra_caravel_soc_24/LO
 vajra_caravel_soc_25/HI
 vajra_caravel_soc_25/LO
 vajra_caravel_soc_26/HI
 vajra_caravel_soc_26/LO
 vajra_caravel_soc_27/HI
 vajra_caravel_soc_27/LO
 vajra_caravel_soc_28/HI
 vajra_caravel_soc_28/LO
 vajra_caravel_soc_29/HI
 vajra_caravel_soc_29/LO
 vajra_caravel_soc_30/HI
 vajra_caravel_soc_30/LO
 vajra_caravel_soc_31/HI
 vajra_caravel_soc_31/LO
 vajra_caravel_soc_32/HI
 vajra_caravel_soc_32/LO
 vajra_caravel_soc_33/HI
 vajra_caravel_soc_33/LO
 vajra_caravel_soc_34/HI
 vajra_caravel_soc_34/LO
 vajra_caravel_soc_35/HI
 vajra_caravel_soc_35/LO
 vajra_caravel_soc_36/HI
 vajra_caravel_soc_36/LO
 vajra_caravel_soc_37/HI
 vajra_caravel_soc_37/LO
 vajra_caravel_soc_38/HI
 vajra_caravel_soc_38/LO
 vajra_caravel_soc_39/HI
 vajra_caravel_soc_39/LO
 vajra_caravel_soc_40/HI
 vajra_caravel_soc_40/LO
 vajra_caravel_soc_41/HI
 vajra_caravel_soc_41/LO
 vajra_caravel_soc_42/HI
 vajra_caravel_soc_42/LO
 vajra_caravel_soc_43/HI
 vajra_caravel_soc_43/LO
 vajra_caravel_soc_44/HI
 vajra_caravel_soc_44/LO
 vajra_caravel_soc_45/HI
 vajra_caravel_soc_45/LO
 vajra_caravel_soc_46/HI
 vajra_caravel_soc_46/LO
 vajra_caravel_soc_47/HI
 vajra_caravel_soc_47/LO
 vajra_caravel_soc_48/HI
 vajra_caravel_soc_48/LO
 vajra_caravel_soc_49/HI
 vajra_caravel_soc_49/LO
 vajra_caravel_soc_50/HI
 vajra_caravel_soc_50/LO
 vajra_caravel_soc_51/HI
 vajra_caravel_soc_51/LO
 vajra_caravel_soc_52/HI
 vajra_caravel_soc_52/LO
 vajra_caravel_soc_53/HI
 vajra_caravel_soc_53/LO
 vajra_caravel_soc_54/HI
 vajra_caravel_soc_54/LO
 vajra_caravel_soc_55/HI
 vajra_caravel_soc_55/LO
 vajra_caravel_soc_56/HI
 vajra_caravel_soc_56/LO
 vajra_caravel_soc_57/HI
 vajra_caravel_soc_57/LO
 vajra_caravel_soc_58/HI
 vajra_caravel_soc_58/LO
 vajra_caravel_soc_59/HI
 vajra_caravel_soc_59/LO
 vajra_caravel_soc_60/HI
 vajra_caravel_soc_60/LO
 vajra_caravel_soc_61/HI
 vajra_caravel_soc_61/LO
 vajra_caravel_soc_62/HI
 vajra_caravel_soc_62/LO
 vajra_caravel_soc_63/HI
 vajra_caravel_soc_63/LO
 vajra_caravel_soc_64/HI
 vajra_caravel_soc_64/LO
 vajra_caravel_soc_65/HI
 vajra_caravel_soc_65/LO
 vajra_caravel_soc_66/HI
 vajra_caravel_soc_66/LO
 vajra_caravel_soc_67/HI
 vajra_caravel_soc_67/LO
 vajra_caravel_soc_68/HI
 vajra_caravel_soc_68/LO
 vajra_caravel_soc_69/HI
 vajra_caravel_soc_69/LO
 vajra_caravel_soc_70/HI
 vajra_caravel_soc_70/LO
 vajra_caravel_soc_71/HI
 vajra_caravel_soc_71/LO
 vajra_caravel_soc_72/HI
 vajra_caravel_soc_72/LO
 vajra_caravel_soc_73/HI
 vajra_caravel_soc_73/LO
 vajra_caravel_soc_74/HI
 vajra_caravel_soc_74/LO
 vajra_caravel_soc_75/HI
 vajra_caravel_soc_75/LO
 vajra_caravel_soc_76/HI
 vajra_caravel_soc_76/LO
 vajra_caravel_soc_77/HI
 vajra_caravel_soc_77/LO
Found 0 partially unannotated drivers.

===========================================================================
max slew violation count 0
max fanout violation count 4
max cap violation count 0
============================================================================

===========================================================================
check_setup -verbose -unconstrained_endpoints -multiple_clock -no_clock -no_input_delay -loops -generated_clocks
===========================================================================
Warning: There are 54 unconstrained endpoints.
  io_oeb[0]
  io_oeb[10]
  io_oeb[11]
  io_oeb[12]
  io_oeb[13]
  io_oeb[14]
  io_oeb[15]
  io_oeb[16]
  io_oeb[17]
  io_oeb[18]
  io_oeb[19]
  io_oeb[1]
  io_oeb[20]
  io_oeb[21]
  io_oeb[22]
  io_oeb[23]
  io_oeb[24]
  io_oeb[25]
  io_oeb[26]
  io_oeb[27]
  io_oeb[28]
  io_oeb[29]
  io_oeb[2]
  io_oeb[30]
  io_oeb[31]
  io_oeb[32]
  io_oeb[33]
  io_oeb[34]
  io_oeb[35]
  io_oeb[36]
  io_oeb[37]
  io_oeb[3]
  io_oeb[4]
  io_oeb[5]
  io_oeb[6]
  io_oeb[7]
  io_oeb[8]
  io_oeb[9]
  io_out[0]
  io_out[10]
  io_out[11]
  io_out[12]
  io_out[13]
  io_out[14]
  io_out[15]
  io_out[16]
  io_out[17]
  io_out[18]
  io_out[19]
  io_out[1]
  io_out[20]
  io_out[21]
  io_out[22]
  io_out[23]
