
===========================================================================
report_checks -unconstrained
===========================================================================
======================= Typical Corner ===================================

Startpoint: wb_rst_i (input port clocked by wb_clk_i)
Endpoint: _447_ (recovery check against rising-edge clock wb_clk_i)
Path Group: asynchronous
Path Type: max

Fanout     Cap    Slew   Delay    Time   Description
-----------------------------------------------------------------------------
                          0.00    0.00   clock wb_clk_i (rise edge)
                          0.00    0.00   clock network delay (propagated)
                         10.00   10.00 v input external delay
                  0.01    0.01   10.01 v wb_rst_i (in)
     1    0.00                           wb_rst_i (net)
                  0.01    0.00   10.01 v input1/A (sky130_fd_sc_hd__buf_4)
                  0.10    0.19   10.20 v input1/X (sky130_fd_sc_hd__buf_4)
     2    0.07                           net1 (net)
                  0.11    0.02   10.22 v _376_/A (sky130_fd_sc_hd__buf_4)
                  0.08    0.23   10.45 v _376_/X (sky130_fd_sc_hd__buf_4)
    10    0.06                           _213_ (net)
                  0.08    0.01   10.46 v _377_/A (sky130_fd_sc_hd__buf_4)
                  0.09    0.22   10.68 v _377_/X (sky130_fd_sc_hd__buf_4)
    10    0.06                           _214_ (net)
                  0.09    0.01   10.68 v _387_/A (sky130_fd_sc_hd__inv_2)
                  0.04    0.07   10.75 ^ _387_/Y (sky130_fd_sc_hd__inv_2)
     1    0.00                           _035_ (net)
                  0.04    0.00   10.75 ^ _447_/RESET_B (sky130_fd_sc_hd__dfrtp_4)
                                 10.75   data arrival time

                         50.00   50.00   clock wb_clk_i (rise edge)
                          0.00   50.00   clock source latency
                  0.34    0.22   50.22 ^ wb_clk_i (in)
     3    0.07                           wb_clk_i (net)
                  0.34    0.00   50.22 ^ clkbuf_0_wb_clk_i/A (sky130_fd_sc_hd__clkbuf_16)
                  0.07    0.22   50.44 ^ clkbuf_0_wb_clk_i/X (sky130_fd_sc_hd__clkbuf_16)
     4    0.05                           clknet_0_wb_clk_i (net)
                  0.07    0.00   50.45 ^ clkbuf_2_0__f_wb_clk_i/A (sky130_fd_sc_hd__clkbuf_16)
                  0.06    0.14   50.59 ^ clkbuf_2_0__f_wb_clk_i/X (sky130_fd_sc_hd__clkbuf_16)
    12    0.04                           clknet_2_0__leaf_wb_clk_i (net)
                  0.06    0.00   50.59 ^ _447_/CLK (sky130_fd_sc_hd__dfrtp_4)
                         -0.25   50.34   clock uncertainty
                          0.00   50.34   clock reconvergence pessimism
                          0.22   50.56   library recovery time
                                 50.56   data required time
-----------------------------------------------------------------------------
                                 50.56   data required time
                                -10.75   data arrival time
-----------------------------------------------------------------------------
                                 39.81   slack (MET)


Startpoint: _444_ (rising edge-triggered flip-flop clocked by wb_clk_i)
Endpoint: io_out[8] (output port clocked by wb_clk_i)
Path Group: wb_clk_i
Path Type: max

Fanout     Cap    Slew   Delay    Time   Description
-----------------------------------------------------------------------------
                          0.00    0.00   clock wb_clk_i (rise edge)
                          0.00    0.00   clock source latency
                  0.34    0.25    0.25 ^ wb_clk_i (in)
     3    0.07                           wb_clk_i (net)
                  0.34    0.00    0.25 ^ clkbuf_0_wb_clk_i/A (sky130_fd_sc_hd__clkbuf_16)
                  0.07    0.24    0.49 ^ clkbuf_0_wb_clk_i/X (sky130_fd_sc_hd__clkbuf_16)
     4    0.05                           clknet_0_wb_clk_i (net)
                  0.07    0.00    0.49 ^ clkbuf_2_1__f_wb_clk_i/A (sky130_fd_sc_hd__clkbuf_16)
                  0.07    0.16    0.66 ^ clkbuf_2_1__f_wb_clk_i/X (sky130_fd_sc_hd__clkbuf_16)
    14    0.05                           clknet_2_1__leaf_wb_clk_i (net)
                  0.07    0.00    0.66 ^ _444_/CLK (sky130_fd_sc_hd__dfrtp_4)
                  0.45    0.73    1.39 ^ _444_/Q (sky130_fd_sc_hd__dfrtp_4)
    11    0.16                           net9 (net)
                  0.46    0.04    1.43 ^ _666_/A (sky130_fd_sc_hd__buf_2)
                  0.16    0.30    1.73 ^ _666_/X (sky130_fd_sc_hd__buf_2)
     1    0.03                           net22 (net)
                  0.16    0.01    1.74 ^ output22/A (sky130_fd_sc_hd__clkbuf_4)
                  0.11    0.24    1.98 ^ output22/X (sky130_fd_sc_hd__clkbuf_4)
     1    0.03                           io_out[8] (net)
                  0.11    0.00    1.98 ^ io_out[8] (out)
                                  1.98   data arrival time

                         50.00   50.00   clock wb_clk_i (rise edge)
                          0.00   50.00   clock network delay (propagated)
                         -0.25   49.75   clock uncertainty
                          0.00   49.75   clock reconvergence pessimism
                        -10.00   39.75   output external delay
                                 39.75   data required time
-----------------------------------------------------------------------------
                                 39.75   data required time
                                 -1.98   data arrival time
-----------------------------------------------------------------------------
                                 37.77   slack (MET)




===========================================================================
report_checks --slack_max -0.01
============================================================================
======================= Typical Corner ===================================

No paths found.


===========================================================================
 report_check_types -max_slew -max_cap -max_fanout -violators
============================================================================
======================= Typical Corner ===================================

max fanout

Pin                                   Limit Fanout  Slack
---------------------------------------------------------
clkbuf_2_2__f_wb_clk_i/X                 10     15     -5 (VIOLATED)
clkbuf_2_3__f_wb_clk_i/X                 10     15     -5 (VIOLATED)
clkbuf_2_1__f_wb_clk_i/X                 10     14     -4 (VIOLATED)
clkbuf_2_0__f_wb_clk_i/X                 10     12     -2 (VIOLATED)
_444_/Q                                  10     11        (VIOLATED)



===========================================================================
report_parasitic_annotation -report_unannotated
============================================================================
Found 136 unannotated drivers.
 io_in[0]
 io_in[10]
 io_in[11]
 io_in[12]
 io_in[13]
 io_in[14]
 io_in[15]
 io_in[16]
 io_in[17]
 io_in[18]
 io_in[19]
 io_in[1]
 io_in[20]
 io_in[21]
 io_in[22]
 io_in[23]
 io_in[24]
 io_in[25]
 io_in[26]
 io_in[27]
 io_in[28]
 io_in[29]
 io_in[2]
 io_in[30]
 io_in[31]
 io_in[32]
 io_in[33]
 io_in[34]
 io_in[35]
 io_in[36]
 io_in[37]
 io_in[3]
 io_in[4]
 io_in[5]
 io_in[6]
 io_in[7]
 io_in[8]
 io_in[9]
 _616_/X
 _617_/X
 _618_/X
 _619_/X
 _620_/X
 _621_/X
 _622_/X
 _623_/X
 _624_/X
 _625_/X
 _626_/X
 _627_/X
 _628_/X
 _629_/X
 _630_/X
 _631_/X
 _632_/X
 _633_/X
 _634_/X
 _635_/X
 _636_/X
 _637_/X
 _638_/X
 _639_/X
 _640_/X
 _641_/X
 _642_/X
 _643_/X
 _644_/X
 _645_/X
 _646_/X
 _647_/X
 _648_/X
 _649_/X
 _650_/X
 _651_/X
 _652_/X
 _653_/X
 _654_/X
 _655_/X
 _656_/X
 _657_/X
 _658_/X
 _659_/X
 vajra_caravel_soc_24/HI
 vajra_caravel_soc_25/HI
 vajra_caravel_soc_26/HI
 vajra_caravel_soc_27/HI
 vajra_caravel_soc_28/HI
 vajra_caravel_soc_29/HI
 vajra_caravel_soc_30/HI
 vajra_caravel_soc_31/HI
 vajra_caravel_soc_32/HI
 vajra_caravel_soc_33/HI
 vajra_caravel_soc_34/HI
 vajra_caravel_soc_35/HI
 vajra_caravel_soc_36/HI
 vajra_caravel_soc_37/HI
 vajra_caravel_soc_38/HI
 vajra_caravel_soc_39/HI
 vajra_caravel_soc_40/HI
 vajra_caravel_soc_41/HI
 vajra_caravel_soc_42/HI
 vajra_caravel_soc_43/HI
 vajra_caravel_soc_44/HI
 vajra_caravel_soc_45/HI
 vajra_caravel_soc_46/HI
 vajra_caravel_soc_47/HI
 vajra_caravel_soc_48/HI
 vajra_caravel_soc_49/HI
 vajra_caravel_soc_50/HI
 vajra_caravel_soc_51/HI
 vajra_caravel_soc_52/HI
 vajra_caravel_soc_53/HI
 vajra_caravel_soc_54/HI
 vajra_caravel_soc_55/HI
 vajra_caravel_soc_56/HI
 vajra_caravel_soc_57/HI
 vajra_caravel_soc_58/HI
 vajra_caravel_soc_59/HI
 vajra_caravel_soc_60/HI
 vajra_caravel_soc_61/HI
 vajra_caravel_soc_62/HI
 vajra_caravel_soc_63/HI
 vajra_caravel_soc_64/HI
 vajra_caravel_soc_65/HI
 vajra_caravel_soc_66/HI
 vajra_caravel_soc_67/HI
 vajra_caravel_soc_68/HI
 vajra_caravel_soc_69/HI
 vajra_caravel_soc_70/HI
 vajra_caravel_soc_71/HI
 vajra_caravel_soc_72/HI
 vajra_caravel_soc_73/HI
 vajra_caravel_soc_74/HI
 vajra_caravel_soc_75/HI
 vajra_caravel_soc_76/HI
 vajra_caravel_soc_77/HI
Found 0 partially unannotated drivers.

===========================================================================
max slew violation count 0
max fanout violation count 5
max cap violation count 0
============================================================================

===========================================================================
check_setup -verbose -unconstrained_endpoints -multiple_clock -no_clock -no_input_delay -loops -generated_clocks
===========================================================================
Warning: There are 54 unconstrained endpoints.
  io_oeb[0]
  io_oeb[10]
  io_oeb[11]
  io_oeb[12]
  io_oeb[13]
  io_oeb[14]
  io_oeb[15]
  io_oeb[16]
  io_oeb[17]
  io_oeb[18]
  io_oeb[19]
  io_oeb[1]
  io_oeb[20]
  io_oeb[21]
  io_oeb[22]
  io_oeb[23]
  io_oeb[24]
  io_oeb[25]
  io_oeb[26]
  io_oeb[27]
  io_oeb[28]
  io_oeb[29]
  io_oeb[2]
  io_oeb[30]
  io_oeb[31]
  io_oeb[32]
  io_oeb[33]
  io_oeb[34]
  io_oeb[35]
  io_oeb[36]
  io_oeb[37]
  io_oeb[3]
  io_oeb[4]
  io_oeb[5]
  io_oeb[6]
  io_oeb[7]
  io_oeb[8]
  io_oeb[9]
  io_out[0]
  io_out[10]
  io_out[11]
  io_out[12]
  io_out[13]
  io_out[14]
  io_out[15]
  io_out[16]
  io_out[17]
  io_out[18]
  io_out[19]
  io_out[1]
  io_out[20]
  io_out[21]
  io_out[22]
  io_out[23]
