Partial/Required:  6.23, Required:    400.0, Partial:  2491.72, Net: net6, Pin: _664_/A, Layer: met1
Partial/Required:  3.74, Required:    400.0, Partial:  1496.42, Net: net16, Pin: _627_/A, Layer: met1
Partial/Required:  3.74, Required:    400.0, Partial:  1496.42, Net: net16, Pin: _641_/A, Layer: met1
Partial/Required:  2.06, Required:    400.0, Partial:   823.97, Net: net10, Pin: _667_/A, Layer: met1
Partial/Required:  1.86, Required:    400.0, Partial:   743.84, Net: net2, Pin: _660_/A, Layer: met1
Partial/Required:  1.84, Required:    400.0, Partial:   735.62, Net: net3, Pin: output3/A, Layer: met1
Partial/Required:  1.64, Required:    400.0, Partial:   657.93, Net: net15, Pin: output15/A, Layer: met1
Partial/Required:  1.23, Required:    400.0, Partial:   490.07, Net: net12, Pin: output12/A, Layer: met1
Partial/Required:  1.08, Required:    400.0, Partial:   431.38, Net: net5, Pin: _631_/A, Layer: met1
Partial/Required:  1.08, Required:    400.0, Partial:   431.38, Net: net5, Pin: _617_/A, Layer: met1
Partial/Required:  1.03, Required:    400.0, Partial:   411.24, Net: net11, Pin: _636_/A, Layer: met1
Partial/Required:  1.03, Required:    400.0, Partial:   411.24, Net: net11, Pin: _622_/A, Layer: met1
