
74. Executing CHECK pass (checking for obvious problems).
Checking module riscv_pipeline_top...
Warning: Wire riscv_pipeline_top.\led [9] is used but has no driver.
Warning: Wire riscv_pipeline_top.\led [8] is used but has no driver.
Warning: Wire riscv_pipeline_top.\led [7] is used but has no driver.
Warning: Wire riscv_pipeline_top.\led [6] is used but has no driver.
Warning: Wire riscv_pipeline_top.\led [5] is used but has no driver.
Warning: Wire riscv_pipeline_top.\led [4] is used but has no driver.
Warning: Wire riscv_pipeline_top.\led [3] is used but has no driver.
Warning: Wire riscv_pipeline_top.\led [2] is used but has no driver.
Warning: Wire riscv_pipeline_top.\led [1] is used but has no driver.
Warning: Wire riscv_pipeline_top.\led [0] is used but has no driver.
Warning: Wire riscv_pipeline_top.\M_AXI_WVALID is used but has no driver.
Warning: Wire riscv_pipeline_top.\M_AXI_WSTRB [3] is used but has no driver.
Warning: Wire riscv_pipeline_top.\M_AXI_WSTRB [2] is used but has no driver.
Warning: Wire riscv_pipeline_top.\M_AXI_WSTRB [1] is used but has no driver.
Warning: Wire riscv_pipeline_top.\M_AXI_WSTRB [0] is used but has no driver.
Warning: Wire riscv_pipeline_top.\M_AXI_WDATA [31] is used but has no driver.
Warning: Wire riscv_pipeline_top.\M_AXI_WDATA [30] is used but has no driver.
Warning: Wire riscv_pipeline_top.\M_AXI_WDATA [29] is used but has no driver.
Warning: Wire riscv_pipeline_top.\M_AXI_WDATA [28] is used but has no driver.
Warning: Wire riscv_pipeline_top.\M_AXI_WDATA [27] is used but has no driver.
Warning: Wire riscv_pipeline_top.\M_AXI_WDATA [26] is used but has no driver.
Warning: Wire riscv_pipeline_top.\M_AXI_WDATA [25] is used but has no driver.
Warning: Wire riscv_pipeline_top.\M_AXI_WDATA [24] is used but has no driver.
Warning: Wire riscv_pipeline_top.\M_AXI_WDATA [23] is used but has no driver.
Warning: Wire riscv_pipeline_top.\M_AXI_WDATA [22] is used but has no driver.
Warning: Wire riscv_pipeline_top.\M_AXI_WDATA [21] is used but has no driver.
Warning: Wire riscv_pipeline_top.\M_AXI_WDATA [20] is used but has no driver.
Warning: Wire riscv_pipeline_top.\M_AXI_WDATA [19] is used but has no driver.
Warning: Wire riscv_pipeline_top.\M_AXI_WDATA [18] is used but has no driver.
Warning: Wire riscv_pipeline_top.\M_AXI_WDATA [17] is used but has no driver.
Warning: Wire riscv_pipeline_top.\M_AXI_WDATA [16] is used but has no driver.
Warning: Wire riscv_pipeline_top.\M_AXI_WDATA [15] is used but has no driver.
Warning: Wire riscv_pipeline_top.\M_AXI_WDATA [14] is used but has no driver.
Warning: Wire riscv_pipeline_top.\M_AXI_WDATA [13] is used but has no driver.
Warning: Wire riscv_pipeline_top.\M_AXI_WDATA [12] is used but has no driver.
Warning: Wire riscv_pipeline_top.\M_AXI_WDATA [11] is used but has no driver.
Warning: Wire riscv_pipeline_top.\M_AXI_WDATA [10] is used but has no driver.
Warning: Wire riscv_pipeline_top.\M_AXI_WDATA [9] is used but has no driver.
Warning: Wire riscv_pipeline_top.\M_AXI_WDATA [8] is used but has no driver.
Warning: Wire riscv_pipeline_top.\M_AXI_WDATA [7] is used but has no driver.
Warning: Wire riscv_pipeline_top.\M_AXI_WDATA [6] is used but has no driver.
Warning: Wire riscv_pipeline_top.\M_AXI_WDATA [5] is used but has no driver.
Warning: Wire riscv_pipeline_top.\M_AXI_WDATA [4] is used but has no driver.
Warning: Wire riscv_pipeline_top.\M_AXI_WDATA [3] is used but has no driver.
Warning: Wire riscv_pipeline_top.\M_AXI_WDATA [2] is used but has no driver.
Warning: Wire riscv_pipeline_top.\M_AXI_WDATA [1] is used but has no driver.
Warning: Wire riscv_pipeline_top.\M_AXI_WDATA [0] is used but has no driver.
Warning: Wire riscv_pipeline_top.\M_AXI_RREADY is used but has no driver.
Warning: Wire riscv_pipeline_top.\M_AXI_BREADY is used but has no driver.
Warning: Wire riscv_pipeline_top.\M_AXI_AWVALID is used but has no driver.
Warning: Wire riscv_pipeline_top.\M_AXI_AWADDR [31] is used but has no driver.
Warning: Wire riscv_pipeline_top.\M_AXI_AWADDR [30] is used but has no driver.
Warning: Wire riscv_pipeline_top.\M_AXI_AWADDR [29] is used but has no driver.
Warning: Wire riscv_pipeline_top.\M_AXI_AWADDR [28] is used but has no driver.
Warning: Wire riscv_pipeline_top.\M_AXI_AWADDR [27] is used but has no driver.
Warning: Wire riscv_pipeline_top.\M_AXI_AWADDR [26] is used but has no driver.
Warning: Wire riscv_pipeline_top.\M_AXI_AWADDR [25] is used but has no driver.
Warning: Wire riscv_pipeline_top.\M_AXI_AWADDR [24] is used but has no driver.
Warning: Wire riscv_pipeline_top.\M_AXI_AWADDR [23] is used but has no driver.
Warning: Wire riscv_pipeline_top.\M_AXI_AWADDR [22] is used but has no driver.
Warning: Wire riscv_pipeline_top.\M_AXI_AWADDR [21] is used but has no driver.
Warning: Wire riscv_pipeline_top.\M_AXI_AWADDR [20] is used but has no driver.
Warning: Wire riscv_pipeline_top.\M_AXI_AWADDR [19] is used but has no driver.
Warning: Wire riscv_pipeline_top.\M_AXI_AWADDR [18] is used but has no driver.
Warning: Wire riscv_pipeline_top.\M_AXI_AWADDR [17] is used but has no driver.
Warning: Wire riscv_pipeline_top.\M_AXI_AWADDR [16] is used but has no driver.
Warning: Wire riscv_pipeline_top.\M_AXI_AWADDR [15] is used but has no driver.
Warning: Wire riscv_pipeline_top.\M_AXI_AWADDR [14] is used but has no driver.
Warning: Wire riscv_pipeline_top.\M_AXI_AWADDR [13] is used but has no driver.
Warning: Wire riscv_pipeline_top.\M_AXI_AWADDR [12] is used but has no driver.
Warning: Wire riscv_pipeline_top.\M_AXI_AWADDR [11] is used but has no driver.
Warning: Wire riscv_pipeline_top.\M_AXI_AWADDR [10] is used but has no driver.
Warning: Wire riscv_pipeline_top.\M_AXI_AWADDR [9] is used but has no driver.
Warning: Wire riscv_pipeline_top.\M_AXI_AWADDR [8] is used but has no driver.
Warning: Wire riscv_pipeline_top.\M_AXI_AWADDR [7] is used but has no driver.
Warning: Wire riscv_pipeline_top.\M_AXI_AWADDR [6] is used but has no driver.
Warning: Wire riscv_pipeline_top.\M_AXI_AWADDR [5] is used but has no driver.
Warning: Wire riscv_pipeline_top.\M_AXI_AWADDR [4] is used but has no driver.
Warning: Wire riscv_pipeline_top.\M_AXI_AWADDR [3] is used but has no driver.
Warning: Wire riscv_pipeline_top.\M_AXI_AWADDR [2] is used but has no driver.
Warning: Wire riscv_pipeline_top.\M_AXI_AWADDR [1] is used but has no driver.
Warning: Wire riscv_pipeline_top.\M_AXI_AWADDR [0] is used but has no driver.
Warning: Wire riscv_pipeline_top.\M_AXI_ARVALID is used but has no driver.
Warning: Wire riscv_pipeline_top.\M_AXI_ARADDR [31] is used but has no driver.
Warning: Wire riscv_pipeline_top.\M_AXI_ARADDR [30] is used but has no driver.
Warning: Wire riscv_pipeline_top.\M_AXI_ARADDR [29] is used but has no driver.
Warning: Wire riscv_pipeline_top.\M_AXI_ARADDR [28] is used but has no driver.
Warning: Wire riscv_pipeline_top.\M_AXI_ARADDR [27] is used but has no driver.
Warning: Wire riscv_pipeline_top.\M_AXI_ARADDR [26] is used but has no driver.
Warning: Wire riscv_pipeline_top.\M_AXI_ARADDR [25] is used but has no driver.
Warning: Wire riscv_pipeline_top.\M_AXI_ARADDR [24] is used but has no driver.
Warning: Wire riscv_pipeline_top.\M_AXI_ARADDR [23] is used but has no driver.
Warning: Wire riscv_pipeline_top.\M_AXI_ARADDR [22] is used but has no driver.
Warning: Wire riscv_pipeline_top.\M_AXI_ARADDR [21] is used but has no driver.
Warning: Wire riscv_pipeline_top.\M_AXI_ARADDR [20] is used but has no driver.
Warning: Wire riscv_pipeline_top.\M_AXI_ARADDR [19] is used but has no driver.
Warning: Wire riscv_pipeline_top.\M_AXI_ARADDR [18] is used but has no driver.
Warning: Wire riscv_pipeline_top.\M_AXI_ARADDR [17] is used but has no driver.
Warning: Wire riscv_pipeline_top.\M_AXI_ARADDR [16] is used but has no driver.
Warning: Wire riscv_pipeline_top.\M_AXI_ARADDR [15] is used but has no driver.
Warning: Wire riscv_pipeline_top.\M_AXI_ARADDR [14] is used but has no driver.
Warning: Wire riscv_pipeline_top.\M_AXI_ARADDR [13] is used but has no driver.
Warning: Wire riscv_pipeline_top.\M_AXI_ARADDR [12] is used but has no driver.
Warning: Wire riscv_pipeline_top.\M_AXI_ARADDR [11] is used but has no driver.
Warning: Wire riscv_pipeline_top.\M_AXI_ARADDR [10] is used but has no driver.
Warning: Wire riscv_pipeline_top.\M_AXI_ARADDR [9] is used but has no driver.
Warning: Wire riscv_pipeline_top.\M_AXI_ARADDR [8] is used but has no driver.
Warning: Wire riscv_pipeline_top.\M_AXI_ARADDR [7] is used but has no driver.
Warning: Wire riscv_pipeline_top.\M_AXI_ARADDR [6] is used but has no driver.
Warning: Wire riscv_pipeline_top.\M_AXI_ARADDR [5] is used but has no driver.
Warning: Wire riscv_pipeline_top.\M_AXI_ARADDR [4] is used but has no driver.
Warning: Wire riscv_pipeline_top.\M_AXI_ARADDR [3] is used but has no driver.
Warning: Wire riscv_pipeline_top.\M_AXI_ARADDR [2] is used but has no driver.
Warning: Wire riscv_pipeline_top.\M_AXI_ARADDR [1] is used but has no driver.
Warning: Wire riscv_pipeline_top.\M_AXI_ARADDR [0] is used but has no driver.
Found and reported 115 problems.
