
===========================================================================
report_checks -unconstrained
===========================================================================
======================= Typical Corner ===================================

Startpoint: rst_n (input port clocked by clk)
Endpoint: _196_ (recovery check against rising-edge clock clk)
Path Group: asynchronous
Path Type: max

Fanout     Cap    Slew   Delay    Time   Description
-----------------------------------------------------------------------------
                          0.00    0.00   clock clk (rise edge)
                          0.00    0.00   clock network delay (propagated)
                         10.00   10.00 ^ input external delay
                  0.02    0.01   10.01 ^ rst_n (in)
     1    0.00                           rst_n (net)
                  0.02    0.00   10.01 ^ input6/A (sky130_fd_sc_hd__clkbuf_2)
                  0.13    0.16   10.17 ^ input6/X (sky130_fd_sc_hd__clkbuf_2)
     4    0.02                           net6 (net)
                  0.13    0.00   10.17 ^ fanout10/A (sky130_fd_sc_hd__clkbuf_4)
                  0.15    0.25   10.43 ^ fanout10/X (sky130_fd_sc_hd__clkbuf_4)
    10    0.05                           net10 (net)
                  0.15    0.00   10.43 ^ _196_/RESET_B (sky130_fd_sc_hd__dfrtp_1)
                                 10.43   data arrival time

                         50.00   50.00   clock clk (rise edge)
                          0.00   50.00   clock source latency
                  0.24    0.16   50.16 ^ clk (in)
     1    0.05                           clk (net)
                  0.24    0.00   50.16 ^ clkbuf_0_clk/A (sky130_fd_sc_hd__clkbuf_16)
                  0.04    0.18   50.34 ^ clkbuf_0_clk/X (sky130_fd_sc_hd__clkbuf_16)
     2    0.02                           clknet_0_clk (net)
                  0.04    0.00   50.34 ^ clkbuf_1_1__f_clk/A (sky130_fd_sc_hd__clkbuf_16)
                  0.05    0.12   50.46 ^ clkbuf_1_1__f_clk/X (sky130_fd_sc_hd__clkbuf_16)
    14    0.03                           clknet_1_1__leaf_clk (net)
                  0.05    0.00   50.46 ^ _196_/CLK (sky130_fd_sc_hd__dfrtp_1)
                         -0.25   50.21   clock uncertainty
                          0.00   50.21   clock reconvergence pessimism
                          0.20   50.42   library recovery time
                                 50.42   data required time
-----------------------------------------------------------------------------
                                 50.42   data required time
                                -10.43   data arrival time
-----------------------------------------------------------------------------
                                 39.99   slack (MET)


Startpoint: _186_ (rising edge-triggered flip-flop clocked by clk)
Endpoint: _207_ (rising edge-triggered flip-flop clocked by clk)
Path Group: clk
Path Type: max

Fanout     Cap    Slew   Delay    Time   Description
-----------------------------------------------------------------------------
                          0.00    0.00   clock clk (rise edge)
                          0.00    0.00   clock source latency
                  0.24    0.18    0.18 ^ clk (in)
     1    0.05                           clk (net)
                  0.24    0.00    0.18 ^ clkbuf_0_clk/A (sky130_fd_sc_hd__clkbuf_16)
                  0.04    0.20    0.37 ^ clkbuf_0_clk/X (sky130_fd_sc_hd__clkbuf_16)
     2    0.02                           clknet_0_clk (net)
                  0.04    0.00    0.37 ^ clkbuf_1_1__f_clk/A (sky130_fd_sc_hd__clkbuf_16)
                  0.05    0.14    0.51 ^ clkbuf_1_1__f_clk/X (sky130_fd_sc_hd__clkbuf_16)
    14    0.03                           clknet_1_1__leaf_clk (net)
                  0.05    0.00    0.51 ^ _186_/CLK (sky130_fd_sc_hd__dfrtp_1)
                  0.12    0.40    0.91 ^ _186_/Q (sky130_fd_sc_hd__dfrtp_1)
     5    0.01                           counter[0] (net)
                  0.12    0.00    0.91 ^ _110_/B (sky130_fd_sc_hd__and4_1)
                  0.06    0.20    1.11 ^ _110_/X (sky130_fd_sc_hd__and4_1)
     1    0.00                           _088_ (net)
                  0.06    0.00    1.11 ^ _111_/A (sky130_fd_sc_hd__buf_2)
                  0.15    0.20    1.31 ^ _111_/X (sky130_fd_sc_hd__buf_2)
    10    0.03                           _089_ (net)
                  0.15    0.00    1.31 ^ _145_/A (sky130_fd_sc_hd__and4_1)
                  0.09    0.23    1.55 ^ _145_/X (sky130_fd_sc_hd__and4_1)
     2    0.01                           _053_ (net)
                  0.09    0.00    1.55 ^ _146_/A (sky130_fd_sc_hd__buf_2)
                  0.16    0.22    1.76 ^ _146_/X (sky130_fd_sc_hd__buf_2)
    10    0.03                           _054_ (net)
                  0.16    0.00    1.77 ^ _161_/A (sky130_fd_sc_hd__and3_1)
                  0.09    0.22    1.98 ^ _161_/X (sky130_fd_sc_hd__and3_1)
     2    0.01                           _063_ (net)
                  0.09    0.00    1.98 ^ _163_/A_N (sky130_fd_sc_hd__and2b_1)
                  0.04    0.20    2.18 v _163_/X (sky130_fd_sc_hd__and2b_1)
     1    0.00                           _065_ (net)
                  0.04    0.00    2.18 v _164_/A (sky130_fd_sc_hd__clkbuf_1)
                  0.03    0.09    2.27 v _164_/X (sky130_fd_sc_hd__clkbuf_1)
     1    0.00                           _019_ (net)
                  0.03    0.00    2.27 v _207_/D (sky130_fd_sc_hd__dfrtp_1)
                                  2.27   data arrival time

                         50.00   50.00   clock clk (rise edge)
                          0.00   50.00   clock source latency
                  0.24    0.16   50.16 ^ clk (in)
     1    0.05                           clk (net)
                  0.24    0.00   50.16 ^ clkbuf_0_clk/A (sky130_fd_sc_hd__clkbuf_16)
                  0.04    0.18   50.34 ^ clkbuf_0_clk/X (sky130_fd_sc_hd__clkbuf_16)
     2    0.02                           clknet_0_clk (net)
                  0.04    0.00   50.34 ^ clkbuf_1_1__f_clk/A (sky130_fd_sc_hd__clkbuf_16)
                  0.05    0.12   50.46 ^ clkbuf_1_1__f_clk/X (sky130_fd_sc_hd__clkbuf_16)
    14    0.03                           clknet_1_1__leaf_clk (net)
                  0.05    0.00   50.46 ^ _207_/CLK (sky130_fd_sc_hd__dfrtp_1)
                         -0.25   50.21   clock uncertainty
                          0.05   50.26   clock reconvergence pessimism
                         -0.11   50.15   library setup time
                                 50.15   data required time
-----------------------------------------------------------------------------
                                 50.15   data required time
                                 -2.27   data arrival time
-----------------------------------------------------------------------------
                                 47.88   slack (MET)




===========================================================================
report_checks --slack_max -0.01
============================================================================
======================= Typical Corner ===================================

No paths found.


===========================================================================
 report_check_types -max_slew -max_cap -max_fanout -violators
============================================================================
======================= Typical Corner ===================================

max fanout

Pin                                   Limit Fanout  Slack
---------------------------------------------------------
clkbuf_1_1__f_clk/X                      10     14     -4 (VIOLATED)
clkbuf_1_0__f_clk/X                      10     12     -2 (VIOLATED)



===========================================================================
report_parasitic_annotation -report_unannotated
============================================================================
Found 428 unannotated drivers.
 M_AXI_ARREADY
 M_AXI_AWREADY
 M_AXI_BRESP[0]
 M_AXI_BRESP[1]
 M_AXI_BVALID
 M_AXI_RDATA[0]
 M_AXI_RDATA[10]
 M_AXI_RDATA[11]
 M_AXI_RDATA[12]
 M_AXI_RDATA[13]
 M_AXI_RDATA[14]
 M_AXI_RDATA[15]
 M_AXI_RDATA[16]
 M_AXI_RDATA[17]
 M_AXI_RDATA[18]
 M_AXI_RDATA[19]
 M_AXI_RDATA[1]
 M_AXI_RDATA[20]
 M_AXI_RDATA[21]
 M_AXI_RDATA[22]
 M_AXI_RDATA[23]
 M_AXI_RDATA[24]
 M_AXI_RDATA[25]
 M_AXI_RDATA[26]
 M_AXI_RDATA[27]
 M_AXI_RDATA[28]
 M_AXI_RDATA[29]
 M_AXI_RDATA[2]
 M_AXI_RDATA[30]
 M_AXI_RDATA[31]
 M_AXI_RDATA[3]
 M_AXI_RDATA[4]
 M_AXI_RDATA[5]
 M_AXI_RDATA[6]
 M_AXI_RDATA[7]
 M_AXI_RDATA[8]
 M_AXI_RDATA[9]
 M_AXI_RRESP[0]
 M_AXI_RRESP[1]
 M_AXI_RVALID
 M_AXI_WREADY
 clk
 rst_n
 _093_/X
 _094_/X
 _095_/X
 _096_/X
 _097_/X
 _098_/X
 _099_/X
 _100_/Y
 _101_/Y
 _102_/X
 _103_/X
 _104_/X
 _105_/Y
 _106_/X
 _107_/X
 _108_/X
 _109_/Y
 _110_/X
 _111_/X
 _112_/X
 _113_/X
 _114_/X
 _115_/X
 _116_/Y
 _117_/X
 _118_/X
 _119_/X
 _120_/Y
 _121_/X
 _122_/X
 _123_/Y
 _124_/X
 _125_/X
 _126_/Y
 _127_/X
 _128_/X
 _129_/X
 _130_/X
 _131_/X
 _132_/X
 _133_/X
 _134_/X
 _135_/X
 _136_/X
 _137_/X
 _138_/Y
 _139_/Y
 _140_/X
 _141_/X
 _142_/X
 _143_/X
 _144_/X
 _145_/X
 _146_/X
 _147_/X
 _148_/X
 _149_/Y
 _150_/X
 _151_/X
 _152_/X
 _153_/Y
 _154_/X
 _155_/X
 _156_/Y
 _157_/X
 _158_/X
 _159_/Y
 _160_/X
 _161_/X
 _162_/X
 _163_/X
 _164_/X
 _165_/X
 _166_/X
 _167_/X
 _168_/X
 _169_/X
 _170_/X
 _171_/X
 _172_/X
 _173_/X
 _174_/Y
 _175_/Y
 _176_/X
 _177_/X
 _178_/X
 _179_/Y
 _180_/Y
 _181_/X
 _182_/X
 _183_/Y
 _184_/X
 _185_/X
 _186_/Q
 _187_/Q
 _188_/Q
 _189_/Q
 _190_/Q
 _191_/Q
 _192_/Q
 _193_/Q
 _194_/Q
 _195_/Q
 _196_/Q
 _197_/Q
 _198_/Q
 _199_/Q
 _200_/Q
 _201_/Q
 _202_/Q
 _203_/Q
 _204_/Q
 _205_/Q
 _206_/Q
 _207_/Q
 _208_/Q
 _209_/Q
 _210_/Q
 _211_/Q
 _212_/Q
 _213_/Q
 _214_/Q
 _215_/Q
 _216_/Q
 _217_/Q
 _218_/Q
 _219_/Q
 _220_/Q
 clkbuf_0_clk/X
 clkbuf_1_0__f_clk/X
 clkbuf_1_1__f_clk/X
 fanout10/X
 fanout11/X
 fanout12/X
 fanout13/X
 hold1/X
 hold10/X
 hold11/X
 hold12/X
 hold13/X
 hold14/X
 hold15/X
 hold16/X
 hold17/X
 hold2/X
 hold3/X
 hold4/X
 hold5/X
 hold6/X
 hold7/X
 hold8/X
 hold9/X
 input1/X
 input2/X
 input3/X
 input4/X
 input5/X
 input6/X
 output7/X
 output8/X
 output9/X
 riscv_pipeline_top_100/HI
 riscv_pipeline_top_100/LO
 riscv_pipeline_top_101/HI
 riscv_pipeline_top_101/LO
 riscv_pipeline_top_102/HI
 riscv_pipeline_top_102/LO
 riscv_pipeline_top_103/HI
 riscv_pipeline_top_103/LO
 riscv_pipeline_top_104/HI
 riscv_pipeline_top_104/LO
 riscv_pipeline_top_105/HI
 riscv_pipeline_top_105/LO
 riscv_pipeline_top_106/HI
 riscv_pipeline_top_106/LO
 riscv_pipeline_top_107/HI
 riscv_pipeline_top_107/LO
 riscv_pipeline_top_108/HI
 riscv_pipeline_top_108/LO
 riscv_pipeline_top_109/HI
 riscv_pipeline_top_109/LO
 riscv_pipeline_top_110/HI
 riscv_pipeline_top_110/LO
 riscv_pipeline_top_111/HI
 riscv_pipeline_top_111/LO
 riscv_pipeline_top_112/HI
 riscv_pipeline_top_112/LO
 riscv_pipeline_top_113/HI
 riscv_pipeline_top_113/LO
 riscv_pipeline_top_114/HI
 riscv_pipeline_top_114/LO
 riscv_pipeline_top_115/HI
 riscv_pipeline_top_115/LO
 riscv_pipeline_top_116/HI
 riscv_pipeline_top_116/LO
 riscv_pipeline_top_117/HI
 riscv_pipeline_top_117/LO
 riscv_pipeline_top_118/HI
 riscv_pipeline_top_118/LO
 riscv_pipeline_top_119/HI
 riscv_pipeline_top_119/LO
 riscv_pipeline_top_120/HI
 riscv_pipeline_top_120/LO
 riscv_pipeline_top_121/HI
 riscv_pipeline_top_121/LO
 riscv_pipeline_top_122/HI
 riscv_pipeline_top_122/LO
 riscv_pipeline_top_123/HI
 riscv_pipeline_top_123/LO
 riscv_pipeline_top_124/HI
 riscv_pipeline_top_124/LO
 riscv_pipeline_top_125/HI
 riscv_pipeline_top_125/LO
 riscv_pipeline_top_14/HI
 riscv_pipeline_top_14/LO
 riscv_pipeline_top_15/HI
 riscv_pipeline_top_15/LO
 riscv_pipeline_top_16/HI
 riscv_pipeline_top_16/LO
 riscv_pipeline_top_17/HI
 riscv_pipeline_top_17/LO
 riscv_pipeline_top_18/HI
 riscv_pipeline_top_18/LO
 riscv_pipeline_top_19/HI
 riscv_pipeline_top_19/LO
 riscv_pipeline_top_20/HI
 riscv_pipeline_top_20/LO
 riscv_pipeline_top_21/HI
 riscv_pipeline_top_21/LO
 riscv_pipeline_top_22/HI
 riscv_pipeline_top_22/LO
 riscv_pipeline_top_23/HI
 riscv_pipeline_top_23/LO
 riscv_pipeline_top_24/HI
 riscv_pipeline_top_24/LO
 riscv_pipeline_top_25/HI
 riscv_pipeline_top_25/LO
 riscv_pipeline_top_26/HI
 riscv_pipeline_top_26/LO
 riscv_pipeline_top_27/HI
 riscv_pipeline_top_27/LO
 riscv_pipeline_top_28/HI
 riscv_pipeline_top_28/LO
 riscv_pipeline_top_29/HI
 riscv_pipeline_top_29/LO
 riscv_pipeline_top_30/HI
 riscv_pipeline_top_30/LO
 riscv_pipeline_top_31/HI
 riscv_pipeline_top_31/LO
 riscv_pipeline_top_32/HI
 riscv_pipeline_top_32/LO
 riscv_pipeline_top_33/HI
 riscv_pipeline_top_33/LO
 riscv_pipeline_top_34/HI
 riscv_pipeline_top_34/LO
 riscv_pipeline_top_35/HI
 riscv_pipeline_top_35/LO
 riscv_pipeline_top_36/HI
 riscv_pipeline_top_36/LO
 riscv_pipeline_top_37/HI
 riscv_pipeline_top_37/LO
 riscv_pipeline_top_38/HI
 riscv_pipeline_top_38/LO
 riscv_pipeline_top_39/HI
 riscv_pipeline_top_39/LO
 riscv_pipeline_top_40/HI
 riscv_pipeline_top_40/LO
 riscv_pipeline_top_41/HI
 riscv_pipeline_top_41/LO
 riscv_pipeline_top_42/HI
 riscv_pipeline_top_42/LO
 riscv_pipeline_top_43/HI
 riscv_pipeline_top_43/LO
 riscv_pipeline_top_44/HI
 riscv_pipeline_top_44/LO
 riscv_pipeline_top_45/HI
 riscv_pipeline_top_45/LO
 riscv_pipeline_top_46/HI
 riscv_pipeline_top_46/LO
 riscv_pipeline_top_47/HI
 riscv_pipeline_top_47/LO
 riscv_pipeline_top_48/HI
 riscv_pipeline_top_48/LO
 riscv_pipeline_top_49/HI
 riscv_pipeline_top_49/LO
 riscv_pipeline_top_50/HI
 riscv_pipeline_top_50/LO
 riscv_pipeline_top_51/HI
 riscv_pipeline_top_51/LO
 riscv_pipeline_top_52/HI
 riscv_pipeline_top_52/LO
 riscv_pipeline_top_53/HI
 riscv_pipeline_top_53/LO
 riscv_pipeline_top_54/HI
 riscv_pipeline_top_54/LO
 riscv_pipeline_top_55/HI
 riscv_pipeline_top_55/LO
 riscv_pipeline_top_56/HI
 riscv_pipeline_top_56/LO
 riscv_pipeline_top_57/HI
 riscv_pipeline_top_57/LO
 riscv_pipeline_top_58/HI
 riscv_pipeline_top_58/LO
 riscv_pipeline_top_59/HI
 riscv_pipeline_top_59/LO
 riscv_pipeline_top_60/HI
 riscv_pipeline_top_60/LO
 riscv_pipeline_top_61/HI
 riscv_pipeline_top_61/LO
 riscv_pipeline_top_62/HI
 riscv_pipeline_top_62/LO
 riscv_pipeline_top_63/HI
 riscv_pipeline_top_63/LO
 riscv_pipeline_top_64/HI
 riscv_pipeline_top_64/LO
 riscv_pipeline_top_65/HI
 riscv_pipeline_top_65/LO
 riscv_pipeline_top_66/HI
 riscv_pipeline_top_66/LO
 riscv_pipeline_top_67/HI
 riscv_pipeline_top_67/LO
 riscv_pipeline_top_68/HI
 riscv_pipeline_top_68/LO
 riscv_pipeline_top_69/HI
 riscv_pipeline_top_69/LO
 riscv_pipeline_top_70/HI
 riscv_pipeline_top_70/LO
 riscv_pipeline_top_71/HI
 riscv_pipeline_top_71/LO
 riscv_pipeline_top_72/HI
 riscv_pipeline_top_72/LO
 riscv_pipeline_top_73/HI
 riscv_pipeline_top_73/LO
 riscv_pipeline_top_74/HI
 riscv_pipeline_top_74/LO
 riscv_pipeline_top_75/HI
 riscv_pipeline_top_75/LO
 riscv_pipeline_top_76/HI
 riscv_pipeline_top_76/LO
 riscv_pipeline_top_77/HI
 riscv_pipeline_top_77/LO
 riscv_pipeline_top_78/HI
 riscv_pipeline_top_78/LO
 riscv_pipeline_top_79/HI
 riscv_pipeline_top_79/LO
 riscv_pipeline_top_80/HI
 riscv_pipeline_top_80/LO
 riscv_pipeline_top_81/HI
 riscv_pipeline_top_81/LO
 riscv_pipeline_top_82/HI
 riscv_pipeline_top_82/LO
 riscv_pipeline_top_83/HI
 riscv_pipeline_top_83/LO
 riscv_pipeline_top_84/HI
 riscv_pipeline_top_84/LO
 riscv_pipeline_top_85/HI
 riscv_pipeline_top_85/LO
 riscv_pipeline_top_86/HI
 riscv_pipeline_top_86/LO
 riscv_pipeline_top_87/HI
 riscv_pipeline_top_87/LO
 riscv_pipeline_top_88/HI
 riscv_pipeline_top_88/LO
 riscv_pipeline_top_89/HI
 riscv_pipeline_top_89/LO
 riscv_pipeline_top_90/HI
 riscv_pipeline_top_90/LO
 riscv_pipeline_top_91/HI
 riscv_pipeline_top_91/LO
 riscv_pipeline_top_92/HI
 riscv_pipeline_top_92/LO
 riscv_pipeline_top_93/HI
 riscv_pipeline_top_93/LO
 riscv_pipeline_top_94/HI
 riscv_pipeline_top_94/LO
 riscv_pipeline_top_95/HI
 riscv_pipeline_top_95/LO
 riscv_pipeline_top_96/HI
 riscv_pipeline_top_96/LO
 riscv_pipeline_top_97/HI
 riscv_pipeline_top_97/LO
 riscv_pipeline_top_98/HI
 riscv_pipeline_top_98/LO
 riscv_pipeline_top_99/HI
 riscv_pipeline_top_99/LO
Found 0 partially unannotated drivers.

===========================================================================
max slew violation count 0
max fanout violation count 2
max cap violation count 0
============================================================================

===========================================================================
check_setup -verbose -unconstrained_endpoints -multiple_clock -no_clock -no_input_delay -loops -generated_clocks
===========================================================================
Warning: There are 9 unclocked register/latch pins.
  _212_/CLK
  _213_/CLK
  _214_/CLK
  _215_/CLK
  _216_/CLK
  _217_/CLK
  _218_/CLK
  _219_/CLK
  _220_/CLK
Warning: There are 124 unconstrained endpoints.
  M_AXI_ARADDR[0]
  M_AXI_ARADDR[10]
  M_AXI_ARADDR[11]
  M_AXI_ARADDR[12]
  M_AXI_ARADDR[13]
  M_AXI_ARADDR[14]
  M_AXI_ARADDR[15]
  M_AXI_ARADDR[16]
  M_AXI_ARADDR[17]
  M_AXI_ARADDR[18]
  M_AXI_ARADDR[19]
  M_AXI_ARADDR[1]
  M_AXI_ARADDR[20]
  M_AXI_ARADDR[21]
  M_AXI_ARADDR[22]
  M_AXI_ARADDR[23]
  M_AXI_ARADDR[24]
  M_AXI_ARADDR[25]
  M_AXI_ARADDR[26]
  M_AXI_ARADDR[27]
  M_AXI_ARADDR[28]
  M_AXI_ARADDR[29]
  M_AXI_ARADDR[2]
  M_AXI_ARADDR[30]
  M_AXI_ARADDR[31]
  M_AXI_ARADDR[3]
  M_AXI_ARADDR[4]
  M_AXI_ARADDR[5]
  M_AXI_ARADDR[6]
  M_AXI_ARADDR[7]
  M_AXI_ARADDR[8]
  M_AXI_ARADDR[9]
  M_AXI_ARVALID
  M_AXI_AWADDR[0]
  M_AXI_AWADDR[10]
  M_AXI_AWADDR[11]
  M_AXI_AWADDR[12]
  M_AXI_AWADDR[13]
  M_AXI_AWADDR[14]
  M_AXI_AWADDR[15]
  M_AXI_AWADDR[16]
  M_AXI_AWADDR[17]
  M_AXI_AWADDR[18]
  M_AXI_AWADDR[19]
  M_AXI_AWADDR[1]
  M_AXI_AWADDR[20]
  M_AXI_AWADDR[21]
  M_AXI_AWADDR[22]
  M_AXI_AWADDR[23]
  M_AXI_AWADDR[24]
  M_AXI_AWADDR[25]
  M_AXI_AWADDR[26]
  M_AXI_AWADDR[27]
  M_AXI_AWADDR[28]
  M_AXI_AWADDR[29]
  M_AXI_AWADDR[2]
  M_AXI_AWADDR[30]
  M_AXI_AWADDR[31]
  M_AXI_AWADDR[3]
  M_AXI_AWADDR[4]
  M_AXI_AWADDR[5]
  M_AXI_AWADDR[6]
  M_AXI_AWADDR[7]
  M_AXI_AWADDR[8]
  M_AXI_AWADDR[9]
  M_AXI_AWVALID
  M_AXI_BREADY
  M_AXI_RREADY
  M_AXI_WDATA[0]
  M_AXI_WDATA[10]
  M_AXI_WDATA[11]
  M_AXI_WDATA[12]
  M_AXI_WDATA[13]
  M_AXI_WDATA[14]
  M_AXI_WDATA[15]
  M_AXI_WDATA[16]
  M_AXI_WDATA[17]
  M_AXI_WDATA[18]
  M_AXI_WDATA[19]
  M_AXI_WDATA[1]
  M_AXI_WDATA[20]
  M_AXI_WDATA[21]
  M_AXI_WDATA[22]
  M_AXI_WDATA[23]
  M_AXI_WDATA[24]
  M_AXI_WDATA[25]
  M_AXI_WDATA[26]
  M_AXI_WDATA[27]
  M_AXI_WDATA[28]
  M_AXI_WDATA[29]
  M_AXI_WDATA[2]
  M_AXI_WDATA[30]
  M_AXI_WDATA[31]
  M_AXI_WDATA[3]
  M_AXI_WDATA[4]
  M_AXI_WDATA[5]
  M_AXI_WDATA[6]
  M_AXI_WDATA[7]
  M_AXI_WDATA[8]
  M_AXI_WDATA[9]
  M_AXI_WSTRB[0]
  M_AXI_WSTRB[1]
  M_AXI_WSTRB[2]
  M_AXI_WSTRB[3]
  M_AXI_WVALID
  led[0]
  led[1]
  led[2]
  led[3]
  led[4]
  led[5]
  led[6]
  led[7]
  led[8]
  led[9]
  _212_/D
  _213_/D
  _214_/D
  _215_/D
  _216_/D
  _217_/D
  _218_/D
  _219_/D
  _220_/D
